---
source: scrapcore_serialization_macro/src/tests.rs
expression: check_registry(path)
input_file: scrapcore_serialization_macro/src/test_cases/registry/conflict_singleton_collection.rs
---
#[registry(error = ModelError)]
pub struct Model {
    #[model(singleton, collection)]
    test: A,
}
::core::compile_error! {
    "`collection` conflicts with mutually exclusive `singleton`"
}
