---
source: scrapcore_serialization_macro/src/tests.rs
expression: check_registry(path)
input_file: scrapcore_serialization_macro/src/test_cases/registry/conflict_singleton_asset.rs
---
#[registry(error = "ModelError")]
pub enum Model {
    #[model(singleton, asset)]
    Test(A),
}
::core::compile_error! {
    "Only one of `asset`, `collection`, or `singleton` markers can be present at once"
}
